// Vitest Snapshot v1, https://vitest.dev/guide/snapshot.html

exports[`design tokens > FONTS stack is stable 1`] = `
{
  "display": ""Newsreader", "Times New Roman", Georgia, serif",
  "mono": ""JetBrains Mono", ui-monospace, "SF Mono", Menlo, monospace",
  "ui": ""Inter Tight", "Inter", system-ui, sans-serif",
}
`;

exports[`design tokens > Sand dark palette is stable 1`] = `
{
  "accent": "oklch(0.72 0.12 42)",
  "accentInk": "oklch(0.16 0.008 70)",
  "accentSoft": "oklch(0.32 0.06 50)",
  "bad": "oklch(0.70 0.14 25)",
  "badSoft": "oklch(0.30 0.06 25)",
  "bg": "oklch(0.16 0.008 70)",
  "hairline": "oklch(0.30 0.012 70)",
  "hairline2": "oklch(0.26 0.012 70)",
  "ink": "oklch(0.96 0.008 78)",
  "ink2": "oklch(0.82 0.010 78)",
  "muted": "oklch(0.62 0.014 70)",
  "muted2": "oklch(0.48 0.014 70)",
  "ok": "oklch(0.72 0.11 145)",
  "okSoft": "oklch(0.28 0.04 145)",
  "panel": "oklch(0.20 0.010 70)",
  "panel2": "oklch(0.235 0.011 70)",
  "warn": "oklch(0.78 0.12 70)",
}
`;

exports[`design tokens > Sand light palette is stable 1`] = `
{
  "accent": "oklch(0.61 0.13 42)",
  "accentInk": "oklch(0.99 0.008 80)",
  "accentSoft": "oklch(0.91 0.05 50)",
  "bad": "oklch(0.55 0.16 25)",
  "badSoft": "oklch(0.93 0.05 25)",
  "bg": "oklch(0.97 0.011 78)",
  "hairline": "oklch(0.88 0.012 70)",
  "hairline2": "oklch(0.92 0.012 70)",
  "ink": "oklch(0.18 0.011 70)",
  "ink2": "oklch(0.32 0.013 70)",
  "muted": "oklch(0.51 0.017 70)",
  "muted2": "oklch(0.68 0.014 70)",
  "ok": "oklch(0.55 0.10 145)",
  "okSoft": "oklch(0.93 0.04 145)",
  "panel": "oklch(0.99 0.008 80)",
  "panel2": "oklch(0.955 0.012 78)",
  "warn": "oklch(0.65 0.13 70)",
}
`;
