// Vitest Snapshot v1, https://vitest.dev/guide/snapshot.html

exports[`design tokens > buildThemeVars(default, stepwise) emits the full var set 1`] = `
{
  "--accent": "oklch(0.61 0.13 42)",
  "--accent-ink": "oklch(0.99 0.008 80)",
  "--accent-soft": "oklch(0.91 0.05 50)",
  "--bad": "oklch(0.55 0.16 25)",
  "--bad-soft": "oklch(0.93 0.05 25)",
  "--bg": "oklch(0.97 0.011 78)",
  "--fluid": "0",
  "--font-display": ""Newsreader", "Times New Roman", Georgia, serif",
  "--font-display-lead": "1.06",
  "--font-display-track": "-0.022em",
  "--font-display-w": "500",
  "--font-mono": ""JetBrains Mono", ui-monospace, "SF Mono", Menlo, monospace",
  "--font-mono-track": "0.04em",
  "--font-ui": ""Inter Tight", "Inter", system-ui, sans-serif",
  "--font-ui-track": "-0.01em",
  "--gap": "14px",
  "--gap-lg": "18px",
  "--hairline": "oklch(0.88 0.012 70)",
  "--hairline-2": "oklch(0.92 0.012 70)",
  "--ink": "oklch(0.18 0.011 70)",
  "--ink-2": "oklch(0.32 0.013 70)",
  "--muted": "oklch(0.51 0.017 70)",
  "--muted-2": "oklch(0.68 0.014 70)",
  "--ok": "oklch(0.55 0.10 145)",
  "--ok-soft": "oklch(0.93 0.04 145)",
  "--pad": "18px",
  "--pad-lg": "22px",
  "--panel": "oklch(0.99 0.008 80)",
  "--panel-2": "oklch(0.955 0.012 78)",
  "--radius": "18px",
  "--scheme": "light",
  "--title-size": "30px",
  "--warn": "oklch(0.65 0.13 70)",
}
`;

exports[`design tokens > density tiers are stable 1`] = `
{
  "comfy": {
    "gap": 18,
    "gapLg": 22,
    "label": "Comfy",
    "pad": 22,
    "padLg": 26,
    "radius": 22,
    "title": 34,
  },
  "compact": {
    "gap": 10,
    "gapLg": 14,
    "label": "Compact",
    "pad": 14,
    "padLg": 18,
    "radius": 14,
    "title": 26,
  },
  "regular": {
    "gap": 14,
    "gapLg": 18,
    "label": "Regular",
    "pad": 18,
    "padLg": 22,
    "radius": 18,
    "title": 30,
  },
}
`;

exports[`design tokens > font pairings are stable 1`] = `
{
  "editorial": {
    "display": ""Instrument Serif", "Times New Roman", Georgia, serif",
    "displayLeading": 1.02,
    "displayTracking": "-0.015em",
    "displayWeight": 400,
    "label": "Editorial",
    "mono": ""JetBrains Mono", ui-monospace, monospace",
    "monoTracking": "0.04em",
    "ui": ""DM Sans", system-ui, sans-serif",
    "uiTracking": "-0.008em",
  },
  "geometric": {
    "display": ""Geist", "Inter", system-ui, sans-serif",
    "displayLeading": 1.05,
    "displayTracking": "-0.025em",
    "displayWeight": 600,
    "label": "Geometric",
    "mono": ""Geist Mono", ui-monospace, monospace",
    "monoTracking": "0.02em",
    "ui": ""Inter Tight", "Inter", system-ui, sans-serif",
    "uiTracking": "-0.01em",
  },
  "hyperlegible": {
    "display": ""Atkinson Hyperlegible", system-ui, sans-serif",
    "displayLeading": 1.1,
    "displayTracking": "-0.01em",
    "displayWeight": 700,
    "label": "Hyperlegible",
    "mono": ""JetBrains Mono", ui-monospace, monospace",
    "monoTracking": "0.04em",
    "ui": ""Atkinson Hyperlegible", system-ui, sans-serif",
    "uiTracking": "0em",
  },
  "literary": {
    "display": ""Newsreader", "Times New Roman", Georgia, serif",
    "displayLeading": 1.06,
    "displayTracking": "-0.022em",
    "displayWeight": 500,
    "label": "Literary",
    "mono": ""JetBrains Mono", ui-monospace, "SF Mono", Menlo, monospace",
    "monoTracking": "0.04em",
    "ui": ""Inter Tight", "Inter", system-ui, sans-serif",
    "uiTracking": "-0.01em",
  },
}
`;

exports[`design tokens > palette ink is stable (light + dark) 1`] = `
{
  "dark": {
    "accent": "oklch(0.78 0.15 95)",
    "accentInk": "oklch(0.17 0.020 260)",
    "accentSoft": "oklch(0.34 0.08 95)",
    "bad": "oklch(0.70 0.14 25)",
    "badSoft": "oklch(0.30 0.06 25)",
    "bg": "oklch(0.17 0.020 260)",
    "hairline": "oklch(0.31 0.022 260)",
    "hairline2": "oklch(0.27 0.022 260)",
    "ink": "oklch(0.96 0.008 250)",
    "ink2": "oklch(0.82 0.012 250)",
    "muted": "oklch(0.62 0.020 260)",
    "muted2": "oklch(0.48 0.020 260)",
    "ok": "oklch(0.72 0.11 150)",
    "okSoft": "oklch(0.28 0.04 150)",
    "panel": "oklch(0.21 0.024 260)",
    "panel2": "oklch(0.245 0.028 260)",
    "warn": "oklch(0.78 0.13 95)",
  },
  "label": "Ink",
  "light": {
    "accent": "oklch(0.36 0.13 265)",
    "accentInk": "oklch(0.99 0.005 250)",
    "accentSoft": "oklch(0.92 0.05 100)",
    "bad": "oklch(0.55 0.16 25)",
    "badSoft": "oklch(0.93 0.05 25)",
    "bg": "oklch(0.97 0.008 250)",
    "hairline": "oklch(0.88 0.014 250)",
    "hairline2": "oklch(0.93 0.010 250)",
    "ink": "oklch(0.19 0.040 260)",
    "ink2": "oklch(0.32 0.045 260)",
    "muted": "oklch(0.50 0.025 260)",
    "muted2": "oklch(0.68 0.018 260)",
    "ok": "oklch(0.55 0.10 150)",
    "okSoft": "oklch(0.93 0.04 150)",
    "panel": "oklch(0.99 0.005 250)",
    "panel2": "oklch(0.945 0.010 250)",
    "warn": "oklch(0.78 0.13 95)",
  },
}
`;

exports[`design tokens > palette rose is stable (light + dark) 1`] = `
{
  "dark": {
    "accent": "oklch(0.72 0.13 15)",
    "accentInk": "oklch(0.17 0.012 20)",
    "accentSoft": "oklch(0.32 0.06 15)",
    "bad": "oklch(0.70 0.14 25)",
    "badSoft": "oklch(0.30 0.06 25)",
    "bg": "oklch(0.17 0.012 20)",
    "hairline": "oklch(0.30 0.016 20)",
    "hairline2": "oklch(0.26 0.016 20)",
    "ink": "oklch(0.96 0.008 25)",
    "ink2": "oklch(0.82 0.012 25)",
    "muted": "oklch(0.62 0.018 20)",
    "muted2": "oklch(0.48 0.018 20)",
    "ok": "oklch(0.72 0.11 145)",
    "okSoft": "oklch(0.28 0.04 145)",
    "panel": "oklch(0.21 0.014 20)",
    "panel2": "oklch(0.245 0.016 20)",
    "warn": "oklch(0.78 0.12 70)",
  },
  "label": "Rose",
  "light": {
    "accent": "oklch(0.58 0.14 15)",
    "accentInk": "oklch(0.99 0.008 25)",
    "accentSoft": "oklch(0.91 0.05 15)",
    "bad": "oklch(0.55 0.16 25)",
    "badSoft": "oklch(0.93 0.05 25)",
    "bg": "oklch(0.97 0.011 25)",
    "hairline": "oklch(0.88 0.014 20)",
    "hairline2": "oklch(0.93 0.011 20)",
    "ink": "oklch(0.19 0.014 20)",
    "ink2": "oklch(0.33 0.016 20)",
    "muted": "oklch(0.51 0.020 20)",
    "muted2": "oklch(0.68 0.016 20)",
    "ok": "oklch(0.55 0.10 145)",
    "okSoft": "oklch(0.93 0.04 145)",
    "panel": "oklch(0.99 0.008 25)",
    "panel2": "oklch(0.95 0.013 25)",
    "warn": "oklch(0.65 0.13 70)",
  },
}
`;

exports[`design tokens > palette sage is stable (light + dark) 1`] = `
{
  "dark": {
    "accent": "oklch(0.70 0.13 195)",
    "accentInk": "oklch(0.18 0.014 200)",
    "accentSoft": "oklch(0.32 0.07 195)",
    "bad": "oklch(0.70 0.13 25)",
    "badSoft": "oklch(0.30 0.06 25)",
    "bg": "oklch(0.18 0.014 200)",
    "hairline": "oklch(0.30 0.018 200)",
    "hairline2": "oklch(0.26 0.018 200)",
    "ink": "oklch(0.96 0.008 175)",
    "ink2": "oklch(0.82 0.012 175)",
    "muted": "oklch(0.62 0.018 200)",
    "muted2": "oklch(0.48 0.018 200)",
    "ok": "oklch(0.72 0.11 155)",
    "okSoft": "oklch(0.28 0.04 155)",
    "panel": "oklch(0.22 0.016 200)",
    "panel2": "oklch(0.255 0.018 200)",
    "warn": "oklch(0.78 0.12 70)",
  },
  "label": "Sage",
  "light": {
    "accent": "oklch(0.52 0.13 195)",
    "accentInk": "oklch(0.99 0.008 175)",
    "accentSoft": "oklch(0.90 0.06 195)",
    "bad": "oklch(0.55 0.15 25)",
    "badSoft": "oklch(0.93 0.05 25)",
    "bg": "oklch(0.965 0.012 175)",
    "hairline": "oklch(0.87 0.014 175)",
    "hairline2": "oklch(0.92 0.012 175)",
    "ink": "oklch(0.20 0.020 200)",
    "ink2": "oklch(0.34 0.022 200)",
    "muted": "oklch(0.50 0.020 200)",
    "muted2": "oklch(0.66 0.018 200)",
    "ok": "oklch(0.55 0.10 155)",
    "okSoft": "oklch(0.92 0.04 155)",
    "panel": "oklch(0.99 0.008 175)",
    "panel2": "oklch(0.95 0.013 175)",
    "warn": "oklch(0.65 0.12 70)",
  },
}
`;

exports[`design tokens > palette sand is stable (light + dark) 1`] = `
{
  "dark": {
    "accent": "oklch(0.72 0.12 42)",
    "accentInk": "oklch(0.16 0.008 70)",
    "accentSoft": "oklch(0.32 0.06 50)",
    "bad": "oklch(0.70 0.14 25)",
    "badSoft": "oklch(0.30 0.06 25)",
    "bg": "oklch(0.16 0.008 70)",
    "hairline": "oklch(0.30 0.012 70)",
    "hairline2": "oklch(0.26 0.012 70)",
    "ink": "oklch(0.96 0.008 78)",
    "ink2": "oklch(0.82 0.010 78)",
    "muted": "oklch(0.62 0.014 70)",
    "muted2": "oklch(0.48 0.014 70)",
    "ok": "oklch(0.72 0.11 145)",
    "okSoft": "oklch(0.28 0.04 145)",
    "panel": "oklch(0.20 0.010 70)",
    "panel2": "oklch(0.235 0.011 70)",
    "warn": "oklch(0.78 0.12 70)",
  },
  "label": "Sand",
  "light": {
    "accent": "oklch(0.61 0.13 42)",
    "accentInk": "oklch(0.99 0.008 80)",
    "accentSoft": "oklch(0.91 0.05 50)",
    "bad": "oklch(0.55 0.16 25)",
    "badSoft": "oklch(0.93 0.05 25)",
    "bg": "oklch(0.97 0.011 78)",
    "hairline": "oklch(0.88 0.012 70)",
    "hairline2": "oklch(0.92 0.012 70)",
    "ink": "oklch(0.18 0.011 70)",
    "ink2": "oklch(0.32 0.013 70)",
    "muted": "oklch(0.51 0.017 70)",
    "muted2": "oklch(0.68 0.014 70)",
    "ok": "oklch(0.55 0.10 145)",
    "okSoft": "oklch(0.93 0.04 145)",
    "panel": "oklch(0.99 0.008 80)",
    "panel2": "oklch(0.955 0.012 78)",
    "warn": "oklch(0.65 0.13 70)",
  },
}
`;
