[
  {
    "plan": "plans/2026-08-30-hpf-nqzf-shadow-evidence-pilot.md",
    "plan_hash": "474504745e2a1735f5fb946dd4ef74aa2635baff28cabf1ea9c244b0e5a8a9e3",
    "tracker_hash": "1e41de55b63e142e21472166e10b82279f0fe328ff5439acc51ba9fabe7f5e74",
    "synced_at": "2026-08-30T14:15:57.870662+02:00"
  },
  {
    "plan": "plans/2026-08-30-hpf-nqzf-shadow-evidence-pilot.md",
    "plan_hash": "b178321b64a98831b0c351b9aa525ee843b21d1ea06aafbbdc3b46009251b21b",
    "tracker_hash": "c481f9f48e4cc93a39eca9858800cc80474ade9976a82e54cb1d2590f6d088fa",
    "synced_at": "2026-08-30T15:03:08.916711+02:00"
  },
  {
    "plan": "plans/2026-08-30-hpf-nqzf-shadow-evidence-pilot.md",
    "plan_hash": "4dd68764f5cef2464b6c5b804f0c4e69f1b9bf4a46e08542530f4601e7a6a094",
    "tracker_hash": "f0ddff9c23542bd0033f95ff06579d4671f2739c49b7b420155f6445d100c5a6",
    "synced_at": "2026-08-30T15:04:43.518173+02:00"
  },
  {
    "plan": "plans/2026-08-30-hpf-nqzf-shadow-evidence-pilot.md",
    "plan_hash": "4dd68764f5cef2464b6c5b804f0c4e69f1b9bf4a46e08542530f4601e7a6a094",
    "tracker_hash": "f0ddff9c23542bd0033f95ff06579d4671f2739c49b7b420155f6445d100c5a6",
    "synced_at": "2026-08-30T15:04:52.659221+02:00"
  }
]
